Archive member included to satisfy reference by file (symbol)

C:/ST/STM32CubeIDE_1.13.1/STM32CubeIDE/plugins/com.st.stm32cube.ide.mcu.externaltools.gnu-tools-for-stm32.12.3.rel1.win32_1.0.200.202406191623/tools/bin/../lib/gcc/arm-none-eabi/12.3.1/../../../../arm-none-eabi/lib/thumb/v7e-m+fp/hard\libc_nano.a(libc_a-exit.o)
                              C:/ST/STM32CubeIDE_1.13.1/STM32CubeIDE/plugins/com.st.stm32cube.ide.mcu.externaltools.gnu-tools-for-stm32.12.3.rel1.win32_1.0.200.202406191623/tools/bin/../lib/gcc/arm-none-eabi/12.3.1/../../../../arm-none-eabi/lib/thumb/v7e-m+fp/hard/crt0.o (exit)
C:/ST/STM32CubeIDE_1.13.1/STM32CubeIDE/plugins/com.st.stm32cube.ide.mcu.externaltools.gnu-tools-for-stm32.12.3.rel1.win32_1.0.200.202406191623/tools/bin/../lib/gcc/arm-none-eabi/12.3.1/../../../../arm-none-eabi/lib/thumb/v7e-m+fp/hard\libc_nano.a(libc_a-findfp.o)
                              C:/ST/STM32CubeIDE_1.13.1/STM32CubeIDE/plugins/com.st.stm32cube.ide.mcu.externaltools.gnu-tools-for-stm32.12.3.rel1.win32_1.0.200.202406191623/tools/bin/../lib/gcc/arm-none-eabi/12.3.1/../../../../arm-none-eabi/lib/thumb/v7e-m+fp/hard\libc_nano.a(libc_a-exit.o) (__stdio_exit_handler)
C:/ST/STM32CubeIDE_1.13.1/STM32CubeIDE/plugins/com.st.stm32cube.ide.mcu.externaltools.gnu-tools-for-stm32.12.3.rel1.win32_1.0.200.202406191623/tools/bin/../lib/gcc/arm-none-eabi/12.3.1/../../../../arm-none-eabi/lib/thumb/v7e-m+fp/hard\libc_nano.a(libc_a-fwalk.o)
                              C:/ST/STM32CubeIDE_1.13.1/STM32CubeIDE/plugins/com.st.stm32cube.ide.mcu.externaltools.gnu-tools-for-stm32.12.3.rel1.win32_1.0.200.202406191623/tools/bin/../lib/gcc/arm-none-eabi/12.3.1/../../../../arm-none-eabi/lib/thumb/v7e-m+fp/hard\libc_nano.a(libc_a-findfp.o) (_fwalk_sglue)
C:/ST/STM32CubeIDE_1.13.1/STM32CubeIDE/plugins/com.st.stm32cube.ide.mcu.externaltools.gnu-tools-for-stm32.12.3.rel1.win32_1.0.200.202406191623/tools/bin/../lib/gcc/arm-none-eabi/12.3.1/../../../../arm-none-eabi/lib/thumb/v7e-m+fp/hard\libc_nano.a(libc_a-stdio.o)
                              C:/ST/STM32CubeIDE_1.13.1/STM32CubeIDE/plugins/com.st.stm32cube.ide.mcu.externaltools.gnu-tools-for-stm32.12.3.rel1.win32_1.0.200.202406191623/tools/bin/../lib/gcc/arm-none-eabi/12.3.1/../../../../arm-none-eabi/lib/thumb/v7e-m+fp/hard\libc_nano.a(libc_a-findfp.o) (__sread)
C:/ST/STM32CubeIDE_1.13.1/STM32CubeIDE/plugins/com.st.stm32cube.ide.mcu.externaltools.gnu-tools-for-stm32.12.3.rel1.win32_1.0.200.202406191623/tools/bin/../lib/gcc/arm-none-eabi/12.3.1/../../../../arm-none-eabi/lib/thumb/v7e-m+fp/hard\libc_nano.a(libc_a-memset.o)
                              C:/ST/STM32CubeIDE_1.13.1/STM32CubeIDE/plugins/com.st.stm32cube.ide.mcu.externaltools.gnu-tools-for-stm32.12.3.rel1.win32_1.0.200.202406191623/tools/bin/../lib/gcc/arm-none-eabi/12.3.1/../../../../arm-none-eabi/lib/thumb/v7e-m+fp/hard/crt0.o (memset)
C:/ST/STM32CubeIDE_1.13.1/STM32CubeIDE/plugins/com.st.stm32cube.ide.mcu.externaltools.gnu-tools-for-stm32.12.3.rel1.win32_1.0.200.202406191623/tools/bin/../lib/gcc/arm-none-eabi/12.3.1/../../../../arm-none-eabi/lib/thumb/v7e-m+fp/hard\libc_nano.a(libc_a-closer.o)
                              C:/ST/STM32CubeIDE_1.13.1/STM32CubeIDE/plugins/com.st.stm32cube.ide.mcu.externaltools.gnu-tools-for-stm32.12.3.rel1.win32_1.0.200.202406191623/tools/bin/../lib/gcc/arm-none-eabi/12.3.1/../../../../arm-none-eabi/lib/thumb/v7e-m+fp/hard\libc_nano.a(libc_a-stdio.o) (_close_r)
C:/ST/STM32CubeIDE_1.13.1/STM32CubeIDE/plugins/com.st.stm32cube.ide.mcu.externaltools.gnu-tools-for-stm32.12.3.rel1.win32_1.0.200.202406191623/tools/bin/../lib/gcc/arm-none-eabi/12.3.1/../../../../arm-none-eabi/lib/thumb/v7e-m+fp/hard\libc_nano.a(libc_a-reent.o)
                              C:/ST/STM32CubeIDE_1.13.1/STM32CubeIDE/plugins/com.st.stm32cube.ide.mcu.externaltools.gnu-tools-for-stm32.12.3.rel1.win32_1.0.200.202406191623/tools/bin/../lib/gcc/arm-none-eabi/12.3.1/../../../../arm-none-eabi/lib/thumb/v7e-m+fp/hard\libc_nano.a(libc_a-closer.o) (errno)
C:/ST/STM32CubeIDE_1.13.1/STM32CubeIDE/plugins/com.st.stm32cube.ide.mcu.externaltools.gnu-tools-for-stm32.12.3.rel1.win32_1.0.200.202406191623/tools/bin/../lib/gcc/arm-none-eabi/12.3.1/../../../../arm-none-eabi/lib/thumb/v7e-m+fp/hard\libc_nano.a(libc_a-impure.o)
                              C:/ST/STM32CubeIDE_1.13.1/STM32CubeIDE/plugins/com.st.stm32cube.ide.mcu.externaltools.gnu-tools-for-stm32.12.3.rel1.win32_1.0.200.202406191623/tools/bin/../lib/gcc/arm-none-eabi/12.3.1/../../../../arm-none-eabi/lib/thumb/v7e-m+fp/hard\libc_nano.a(libc_a-reent.o) (_impure_ptr)
C:/ST/STM32CubeIDE_1.13.1/STM32CubeIDE/plugins/com.st.stm32cube.ide.mcu.externaltools.gnu-tools-for-stm32.12.3.rel1.win32_1.0.200.202406191623/tools/bin/../lib/gcc/arm-none-eabi/12.3.1/../../../../arm-none-eabi/lib/thumb/v7e-m+fp/hard\libc_nano.a(libc_a-lseekr.o)
[...]
Memory Configuration

Name             Origin             Length             Attributes
RETRAM_interrupts 0x00000000         0x00000600         xrw
SRAM1_text       0x10000000         0x00020000         xrw
SRAM2_data       0x10020000         0x00020000         xrw
SRAM3_ipc_shm    0x10040000         0x00010000         xrw
SRAM4            0x10050000         0x00010000         xrw
*default*        0x00000000         0xffffffff

Linker script and memory map

LOAD C:/ST/STM32CubeIDE_1.13.1/STM32CubeIDE/plugins/com.st.stm32cube.ide.mcu.externaltools.gnu-tools-for-stm32.12.3.rel1.win32_1.0.200.202406191623/tools/bin/../lib/gcc/arm-none-eabi/12.3.1/thumb/v7e-m+fp/hard/crti.o
LOAD C:/ST/STM32CubeIDE_1.13.1/STM32CubeIDE/plugins/com.st.stm32cube.ide.mcu.externaltools.gnu-tools-for-stm32.12.3.rel1.win32_1.0.200.202406191623/tools/bin/../lib/gcc/arm-none-eabi/12.3.1/thumb/v7e-m+fp/hard/crtbegin.o
LOAD C:/ST/STM32CubeIDE_1.13.1/STM32CubeIDE/plugins/com.st.stm32cube.ide.mcu.externaltools.gnu-tools-for-stm32.12.3.rel1.win32_1.0.200.202406191623/tools/bin/../lib/gcc/arm-none-eabi/12.3.1/../../../../arm-none-eabi/lib/thumb/v7e-m+fp/hard/crt0.o
LOAD ./Common/System/system_stm32mp1xx.o
LOAD ./Drivers/STM32MP1xx_HAL_Driver/stm32mp1xx_hal.o
LOAD ./Drivers/STM32MP1xx_HAL_Driver/stm32mp1xx_hal_cortex.o
LOAD ./Drivers/STM32MP1xx_HAL_Driver/stm32mp1xx_hal_dma.o
LOAD ./Drivers/STM32MP1xx_HAL_Driver/stm32mp1xx_hal_dma_ex.o
LOAD ./Drivers/STM32MP1xx_HAL_Driver/stm32mp1xx_hal_exti.o
LOAD ./Drivers/STM32MP1xx_HAL_Driver/stm32mp1xx_hal_gpio.o
LOAD ./Drivers/STM32MP1xx_HAL_Driver/stm32mp1xx_hal_hsem.o
LOAD ./Drivers/STM32MP1xx_HAL_Driver/stm32mp1xx_hal_mdma.o
LOAD ./Drivers/STM32MP1xx_HAL_Driver/stm32mp1xx_hal_pwr.o
LOAD ./Drivers/STM32MP1xx_HAL_Driver/stm32mp1xx_hal_pwr_ex.o
LOAD ./Drivers/STM32MP1xx_HAL_Driver/stm32mp1xx_hal_rcc.o
LOAD ./Drivers/STM32MP1xx_HAL_Driver/stm32mp1xx_hal_rcc_ex.o
LOAD ./Drivers/STM32MP1xx_HAL_Driver/stm32mp1xx_hal_tim.o
LOAD ./Drivers/STM32MP1xx_HAL_Driver/stm32mp1xx_hal_tim_ex.o
LOAD ./Src/gpio.o
LOAD ./Src/main.o
LOAD ./Src/stm32mp1xx_hal_msp.o
LOAD ./Src/stm32mp1xx_it.o
LOAD ./Src/syscalls.o
LOAD ./Src/sysmem.o
LOAD ./Startup/startup_stm32mp157facx.o
START GROUP
LOAD C:/ST/STM32CubeIDE_1.13.1/STM32CubeIDE/plugins/com.st.stm32cube.ide.mcu.externaltools.gnu-tools-for-stm32.12.3.rel1.win32_1.0.200.202406191623/tools/bin/../lib/gcc/arm-none-eabi/12.3.1/../../../../arm-none-eabi/lib/thumb/v7e-m+fp/hard\libc_nano.a
LOAD C:/ST/STM32CubeIDE_1.13.1/STM32CubeIDE/plugins/com.st.stm32cube.ide.mcu.externaltools.gnu-tools-for-stm32.12.3.rel1.win32_1.0.200.202406191623/tools/bin/../lib/gcc/arm-none-eabi/12.3.1/../../../../arm-none-eabi/lib/thumb/v7e-m+fp/hard\libm.a
END GROUP
START GROUP
LOAD C:/ST/STM32CubeIDE_1.13.1/STM32CubeIDE/plugins/com.st.stm32cube.ide.mcu.externaltools.gnu-tools-for-stm32.12.3.rel1.win32_1.0.200.202406191623/tools/bin/../lib/gcc/arm-none-eabi/12.3.1/thumb/v7e-m+fp/hard\libgcc.a
LOAD C:/ST/STM32CubeIDE_1.13.1/STM32CubeIDE/plugins/com.st.stm32cube.ide.mcu.externaltools.gnu-tools-for-stm32.12.3.rel1.win32_1.0.200.202406191623/tools/bin/../lib/gcc/arm-none-eabi/12.3.1/../../../../arm-none-eabi/lib/thumb/v7e-m+fp/hard\libc_nano.a
END GROUP
START GROUP
LOAD C:/ST/STM32CubeIDE_1.13.1/STM32CubeIDE/plugins/com.st.stm32cube.ide.mcu.externaltools.gnu-tools-for-stm32.12.3.rel1.win32_1.0.200.202406191623/tools/bin/../lib/gcc/arm-none-eabi/12.3.1/thumb/v7e-m+fp/hard\libgcc.a
LOAD C:/ST/STM32CubeIDE_1.13.1/STM32CubeIDE/plugins/com.st.stm32cube.ide.mcu.externaltools.gnu-tools-for-stm32.12.3.rel1.win32_1.0.200.202406191623/tools/bin/../lib/gcc/arm-none-eabi/12.3.1/../../../../arm-none-eabi/lib/thumb/v7e-m+fp/hard\libc_nano.a
LOAD C:/ST/STM32CubeIDE_1.13.1/STM32CubeIDE/plugins/com.st.stm32cube.ide.mcu.externaltools.gnu-tools-for-stm32.12.3.rel1.win32_1.0.200.202406191623/tools/bin/../lib/gcc/arm-none-eabi/12.3.1/../../../../arm-none-eabi/lib/thumb/v7e-m+fp/hard\libnosys.a
END GROUP
START GROUP
LOAD C:/ST/STM32CubeIDE_1.13.1/STM32CubeIDE/plugins/com.st.stm32cube.ide.mcu.externaltools.gnu-tools-for-stm32.12.3.rel1.win32_1.0.200.202406191623/tools/bin/../lib/gcc/arm-none-eabi/12.3.1/thumb/v7e-m+fp/hard\libgcc.a
LOAD C:/ST/STM32CubeIDE_1.13.1/STM32CubeIDE/plugins/com.st.stm32cube.ide.mcu.externaltools.gnu-tools-for-stm32.12.3.rel1.win32_1.0.200.202406191623/tools/bin/../lib/gcc/arm-none-eabi/12.3.1/../../../../arm-none-eabi/lib/thumb/v7e-m+fp/hard\libc_nano.a
LOAD C:/ST/STM32CubeIDE_1.13.1/STM32CubeIDE/plugins/com.st.stm32cube.ide.mcu.externaltools.gnu-tools-for-stm32.12.3.rel1.win32_1.0.200.202406191623/tools/bin/../lib/gcc/arm-none-eabi/12.3.1/../../../../arm-none-eabi/lib/thumb/v7e-m+fp/hard\libnosys.a
END GROUP
LOAD C:/ST/STM32CubeIDE_1.13.1/STM32CubeIDE/plugins/com.st.stm32cube.ide.mcu.externaltools.gnu-tools-for-stm32.12.3.rel1.win32_1.0.200.202406191623/tools/bin/../lib/gcc/arm-none-eabi/12.3.1/thumb/v7e-m+fp/hard/crtend.o
LOAD C:/ST/STM32CubeIDE_1.13.1/STM32CubeIDE/plugins/com.st.stm32cube.ide.mcu.externaltools.gnu-tools-for-stm32.12.3.rel1.win32_1.0.200.202406191623/tools/bin/../lib/gcc/arm-none-eabi/12.3.1/thumb/v7e-m+fp/hard/crtn.o
                0x10040000                        _estack = (ORIGIN (SRAM2_data) + LENGTH (SRAM2_data))
                0x00000200                        _Min_Heap_Size = 0x200
                0x00000400                        _Min_Stack_Size = 0x400
                0x10040000                        __OPENAMP_region_start__ = ORIGIN (SRAM3_ipc_shm)
                0x10050000                        __OPENAMP_region_end__ = (ORIGIN (SRAM3_ipc_shm) + LENGTH (SRAM3_ipc_shm))

.isr_vector     0x00000000      0x298
                0x00000000                        . = ALIGN (0x4)
 *(.isr_vector)
 .isr_vector    0x00000000      0x298 ./Startup/startup_stm32mp157facx.o
                0x00000000                g_pfnVectors
                0x00000298                        . = ALIGN (0x4)

.text           0x10000000     0x2324
                0x10000000                        . = ALIGN (0x4)
 *(.text)
 .text          0x10000000       0x40 C:/ST/STM32CubeIDE_1.13.1/STM32CubeIDE/plugins/com.st.stm32cube.ide.mcu.externaltools.gnu-tools-for-stm32.12.3.rel1.win32_1.0.200.202406191623/tools/bin/../lib/gcc/arm-none-eabi/12.3.1/thumb/v7e-m+fp/hard/crtbegin.o
 *(.text*)
 .text.SystemInit
                0x10000040       0x4c ./Common/System/system_stm32mp1xx.o
                0x10000040                SystemInit
 .text.HAL_Init
                0x1000008c       0x34 ./Drivers/STM32MP1xx_HAL_Driver/stm32mp1xx_hal.o
                0x1000008c                HAL_Init
 .text.HAL_InitTick
                0x100000c0       0x6c ./Drivers/STM32MP1xx_HAL_Driver/stm32mp1xx_hal.o
                0x100000c0                HAL_InitTick
 .text.HAL_IncTick
                0x1000012c       0x28 ./Drivers/STM32MP1xx_HAL_Driver/stm32mp1xx_hal.o
                0x1000012c                HAL_IncTick
 .text.HAL_GetTick
                0x10000154       0x18 ./Drivers/STM32MP1xx_HAL_Driver/stm32mp1xx_hal.o
                0x10000154                HAL_GetTick
 .text.__NVIC_SetPriorityGrouping
                0x1000016c       0x48 ./Drivers/STM32MP1xx_HAL_Driver/stm32mp1xx_hal_cortex.o
 .text.__NVIC_GetPriorityGrouping
                0x100001b4       0x1c ./Drivers/STM32MP1xx_HAL_Driver/stm32mp1xx_hal_cortex.o
 .text.__NVIC_SetPriority
                0x100001d0       0x54 ./Drivers/STM32MP1xx_HAL_Driver/stm32mp1xx_hal_cortex.o
 .text.NVIC_EncodePriority
                0x10000224       0x66 ./Drivers/STM32MP1xx_HAL_Driver/stm32mp1xx_hal_cortex.o
 *fill*         0x1000028a        0x2 
 .text.SysTick_Config
                0x1000028c       0x44 ./Drivers/STM32MP1xx_HAL_Driver/stm32mp1xx_hal_cortex.o
 .text.HAL_NVIC_SetPriorityGrouping
                0x100002d0       0x16 ./Drivers/STM32MP1xx_HAL_Driver/stm32mp1xx_hal_cortex.o
                0x100002d0                HAL_NVIC_SetPriorityGrouping
 .text.HAL_NVIC_SetPriority
                0x100002e6       0x38 ./Drivers/STM32MP1xx_HAL_Driver/stm32mp1xx_hal_cortex.o
                0x100002e6                HAL_NVIC_SetPriority
 .text.HAL_SYSTICK_Config
                0x1000031e       0x18 ./Drivers/STM32MP1xx_HAL_Driver/stm32mp1xx_hal_cortex.o
                0x1000031e                HAL_SYSTICK_Config
 *fill*         0x10000336        0x2 
 .text.HAL_PWR_EnableBkUpAccess
                0x10000338       0x20 ./Drivers/STM32MP1xx_HAL_Driver/stm32mp1xx_hal_pwr.o
                0x10000338                HAL_PWR_EnableBkUpAccess
 .text.HAL_RCC_OscConfig
                0x10000358      0x664 ./Drivers/STM32MP1xx_HAL_Driver/stm32mp1xx_hal_rcc.o
                0x10000358                HAL_RCC_OscConfig
 .text.HAL_RCC_HSEConfig
                0x100009bc       0xd6 ./Drivers/STM32MP1xx_HAL_Driver/stm32mp1xx_hal_rcc.o
                0x100009bc                HAL_RCC_HSEConfig
 .text.HAL_RCC_LSEConfig
                0x10000a92       0xfa ./Drivers/STM32MP1xx_HAL_Driver/stm32mp1xx_hal_rcc.o
                0x10000a92                HAL_RCC_LSEConfig
 .text.RCC_PLL1_Config
                0x10000b8c      0x308 ./Drivers/STM32MP1xx_HAL_Driver/stm32mp1xx_hal_rcc.o
                0x10000b8c                RCC_PLL1_Config
 .text.HAL_RCC_ClockConfig
                0x10000e94      0x224 ./Drivers/STM32MP1xx_HAL_Driver/stm32mp1xx_hal_rcc.o
                0x10000e94                HAL_RCC_ClockConfig
 .text.RCC_MPUConfig
                0x100010b8       0xec ./Drivers/STM32MP1xx_HAL_Driver/stm32mp1xx_hal_rcc.o
                0x100010b8                RCC_MPUConfig
 .text.RCC_AXISSConfig
                0x100011a4      0x12e ./Drivers/STM32MP1xx_HAL_Driver/stm32mp1xx_hal_rcc.o
                0x100011a4                RCC_AXISSConfig
 *fill*         0x100012d2        0x2 
 .text.RCC_MCUConfig
                0x100012d4      0x150 ./Drivers/STM32MP1xx_HAL_Driver/stm32mp1xx_hal_rcc.o
                0x100012d4                RCC_MCUConfig
 .text.HAL_RCC_GetPLL3ClockFreq
                0x10001424      0x1f4 ./Drivers/STM32MP1xx_HAL_Driver/stm32mp1xx_hal_rcc.o
                0x10001424                HAL_RCC_GetPLL3ClockFreq
 .text.HAL_RCC_GetMCUFreq
                0x10001618       0x36 ./Drivers/STM32MP1xx_HAL_Driver/stm32mp1xx_hal_rcc.o
                0x10001618                HAL_RCC_GetMCUFreq
 .text.HAL_RCC_GetSystemCoreClockFreq
                0x1000164e        0xe ./Drivers/STM32MP1xx_HAL_Driver/stm32mp1xx_hal_rcc.o
                0x1000164e                HAL_RCC_GetSystemCoreClockFreq
 .text.HAL_RCC_GetMCUSSFreq
                0x1000165c       0x74 ./Drivers/STM32MP1xx_HAL_Driver/stm32mp1xx_hal_rcc.o
                0x1000165c                HAL_RCC_GetMCUSSFreq
 .text.RCCEx_PLL2_Config
                0x100016d0      0x304 ./Drivers/STM32MP1xx_HAL_Driver/stm32mp1xx_hal_rcc_ex.o
                0x100016d0                RCCEx_PLL2_Config
 .text.RCCEx_PLL3_Config
                0x100019d4      0x2d4 ./Drivers/STM32MP1xx_HAL_Driver/stm32mp1xx_hal_rcc_ex.o
                0x100019d4                RCCEx_PLL3_Config
 .text.RCCEx_PLL4_Config
                0x10001ca8      0x2b0 ./Drivers/STM32MP1xx_HAL_Driver/stm32mp1xx_hal_rcc_ex.o
                0x10001ca8                RCCEx_PLL4_Config
 .text.MX_GPIO_Init
                0x10001f58       0x22 ./Src/gpio.o
                0x10001f58                MX_GPIO_Init
 *fill*         0x10001f7a        0x2 
 .text.main     0x10001f7c       0x24 ./Src/main.o
                0x10001f7c                main
 .text.SystemClock_Config
                0x10001fa0      0x24a ./Src/main.o
                0x10001fa0                SystemClock_Config
 .text.Error_Handler
                0x100021ea        0xc ./Src/main.o
                0x100021ea                Error_Handler
 .text.HAL_MspInit
                0x100021f6       0x5c ./Src/stm32mp1xx_hal_msp.o
                0x100021f6                HAL_MspInit
 .text.NMI_Handler
                0x10002252        0x8 ./Src/stm32mp1xx_it.o
                0x10002252                NMI_Handler
 .text.HardFault_Handler
                0x1000225a        0x8 ./Src/stm32mp1xx_it.o
                0x1000225a                HardFault_Handler
 .text.MemManage_Handler
                0x10002262        0x8 ./Src/stm32mp1xx_it.o
                0x10002262                MemManage_Handler
 .text.BusFault_Handler
                0x1000226a        0x8 ./Src/stm32mp1xx_it.o
                0x1000226a                BusFault_Handler
 .text.UsageFault_Handler
                0x10002272        0x8 ./Src/stm32mp1xx_it.o
                0x10002272                UsageFault_Handler
 .text.SVC_Handler
                0x1000227a        0xe ./Src/stm32mp1xx_it.o
                0x1000227a                SVC_Handler
 .text.DebugMon_Handler
                0x10002288        0xe ./Src/stm32mp1xx_it.o
                0x10002288                DebugMon_Handler
 .text.PendSV_Handler
                0x10002296        0xe ./Src/stm32mp1xx_it.o
                0x10002296                PendSV_Handler
 .text.SysTick_Handler
                0x100022a4        0xc ./Src/stm32mp1xx_it.o
                0x100022a4                SysTick_Handler
 .text.Default_Handler
                0x100022b0        0x2 ./Startup/startup_stm32mp157facx.o
                0x100022b0                EXTI2_IRQHandler
                0x100022b0                TIM8_TRG_COM_IRQHandler
                0x100022b0                TIM8_CC_IRQHandler
                0x100022b0                EXTI5_IRQHandler
                0x100022b0                UART8_IRQHandler
                0x100022b0                SPI4_IRQHandler
                0x100022b0                EXTI13_IRQHandler
                0x100022b0                TIM1_CC_IRQHandler
                0x100022b0                DMA2_Stream5_IRQHandler
                0x100022b0                ETH1_WKUP_IRQHandler
                0x100022b0                TAMP_IRQHandler
                0x100022b0                DMA1_Stream5_IRQHandler
                0x100022b0                TIM6_IRQHandler
                0x100022b0                EXTI12_IRQHandler
                0x100022b0                EXTI3_IRQHandler
                0x100022b0                LPTIM4_IRQHandler
                0x100022b0                EXTI8_IRQHandler
                0x100022b0                LPTIM2_IRQHandler
                0x100022b0                DFSDM1_FLT1_IRQHandler
                0x100022b0                I2C3_ER_IRQHandler
                0x100022b0                DFSDM1_FLT2_IRQHandler
                0x100022b0                I2C5_EV_IRQHandler
                0x100022b0                MDMA_IRQHandler
                0x100022b0                IPCC_TX1_IRQHandler
                0x100022b0                LPTIM3_IRQHandler
                0x100022b0                EXTI0_IRQHandler
                0x100022b0                I2C2_EV_IRQHandler
                0x100022b0                DMA1_Stream2_IRQHandler
                0x100022b0                FPU_IRQHandler
                0x100022b0                USBH_OHCI_IRQHandler
                0x100022b0                FDCAN1_IT1_IRQHandler
                0x100022b0                LTDC_ER_IRQHandler
                0x100022b0                DMA2_Stream2_IRQHandler
                0x100022b0                IPCC_RX0_IRQHandler
                0x100022b0                OTG_IRQHandler
                0x100022b0                SPI1_IRQHandler
                0x100022b0                DCMI_IRQHandler
                0x100022b0                TIM8_UP_IRQHandler
                0x100022b0                DMA2_Stream3_IRQHandler
                0x100022b0                USBH_EHCI_IRQHandler
                0x100022b0                nCTIIRQ2_IRQHandler
                0x100022b0                HASH1_IRQHandler
                0x100022b0                GPU_IRQHandler
                0x100022b0                SAI2_IRQHandler
                0x100022b0                ADC1_IRQHandler
                0x100022b0                RESERVED148_IRQHandler
                0x100022b0                RTC_TIMESTAMP_IRQHandler
                0x100022b0                DFSDM1_FLT3_IRQHandler
                0x100022b0                USART6_IRQHandler
                0x100022b0                EXTI15_IRQHandler
                0x100022b0                TIM17_IRQHandler
                0x100022b0                USART3_IRQHandler
                0x100022b0                EXTI9_IRQHandler
                0x100022b0                LPTIM5_IRQHandler
                0x100022b0                UART5_IRQHandler
                0x100022b0                DMA2_Stream0_IRQHandler
                0x100022b0                TIM4_IRQHandler
                0x100022b0                RCC_WAKEUP_IRQHandler
                0x100022b0                CRYP2_IRQHandler
                0x100022b0                QUADSPI_IRQHandler
                0x100022b0                I2C1_EV_IRQHandler
                0x100022b0                DMA1_Stream6_IRQHandler
                0x100022b0                RESERVED99_IRQHandler
                0x100022b0                DMAMUX1_OVR_IRQHandler
                0x100022b0                DMA1_Stream1_IRQHandler
                0x100022b0                TIM16_IRQHandler
                0x100022b0                UART4_IRQHandler
                0x100022b0                TIM3_IRQHandler
                0x100022b0                RCC_IRQHandler
                0x100022b0                TIM1_TRG_COM_IRQHandler
                0x100022b0                nCTIIRQ1_IRQHandler
                0x100022b0                Default_Handler
                0x100022b0                IPCC_RX1_IRQHandler
                0x100022b0                CEC_IRQHandler
                0x100022b0                DFSDM1_FLT4_IRQHandler
                0x100022b0                TIM14_IRQHandler
                0x100022b0                I2C5_ER_IRQHandler
                0x100022b0                TIM13_IRQHandler
                0x100022b0                DMA1_Stream7_IRQHandler
                0x100022b0                IPCC_TX0_IRQHandler
                0x100022b0                SPI5_IRQHandler
                0x100022b0                TIM12_IRQHandler
                0x100022b0                TIM7_IRQHandler
                0x100022b0                SDMMC1_IRQHandler
                0x100022b0                TIM5_IRQHandler
                0x100022b0                DMA2_Stream7_IRQHandler
                0x100022b0                TIM15_IRQHandler
                0x100022b0                PVD_AVD_IRQHandler
                0x100022b0                I2C3_EV_IRQHandler
                0x100022b0                SDMMC3_IRQHandler
                0x100022b0                ETH1_IRQHandler
                0x100022b0                LTDC_IRQHandler
                0x100022b0                SAI3_IRQHandler
                0x100022b0                SPDIF_RX_IRQHandler
                0x100022b0                ADC2_IRQHandler
                0x100022b0                SPI2_IRQHandler
                0x100022b0                DFSDM1_FLT5_IRQHandler
                0x100022b0                DMA1_Stream0_IRQHandler
                0x100022b0                EXTI14_IRQHandler
                0x100022b0                EXTI11_IRQHandler
                0x100022b0                CRYP1_IRQHandler
                0x100022b0                RNG2_IRQHandler
                0x100022b0                RNG1_IRQHandler
                0x100022b0                HASH2_IRQHandler
                0x100022b0                EXTI4_IRQHandler
                0x100022b0                ETH1_LPI_IRQHandler
                0x100022b0                FDCAN2_IT1_IRQHandler
                0x100022b0                DSI_IRQHandler
                0x100022b0                TIM1_UP_IRQHandler
                0x100022b0                HSEM_IT2_IRQHandler
                0x100022b0                SPI6_IRQHandler
                0x100022b0                MDIOS_IRQHandler
                0x100022b0                I2C4_EV_IRQHandler
                0x100022b0                FDCAN2_IT0_IRQHandler
                0x100022b0                I2C6_ER_IRQHandler
                0x100022b0                FDCAN1_IT0_IRQHandler
                0x100022b0                TIM2_IRQHandler
                0x100022b0                EXTI7_IRQHandler
                0x100022b0                TIM1_BRK_IRQHandler
                0x100022b0                DAC_IRQHandler
                0x100022b0                EXTI1_IRQHandler
                0x100022b0                SDMMC2_IRQHandler
                0x100022b0                DTS_IRQHandler
                0x100022b0                UART7_IRQHandler
                0x100022b0                USART2_IRQHandler
                0x100022b0                I2C6_EV_IRQHandler
                0x100022b0                DFSDM1_FLT0_IRQHandler
                0x100022b0                SAI4_IRQHandler
                0x100022b0                I2C2_ER_IRQHandler
                0x100022b0                DMA2_Stream1_IRQHandler
                0x100022b0                TIM8_BRK_IRQHandler
                0x100022b0                WWDG1_IRQHandler
                0x100022b0                DMA2_Stream4_IRQHandler
                0x100022b0                USART1_IRQHandler
                0x100022b0                RESERVED143_IRQHandler
                0x100022b0                EXTI10_IRQHandler
                0x100022b0                SPI3_IRQHandler
                0x100022b0                WAKEUP_PIN_IRQHandler
                0x100022b0                DMA1_Stream4_IRQHandler
                0x100022b0                I2C1_ER_IRQHandler
                0x100022b0                FMC_IRQHandler
                0x100022b0                FDCAN_CAL_IRQHandler
                0x100022b0                EXTI6_IRQHandler
                0x100022b0                MPU_SEV_IRQHandler
                0x100022b0                LPTIM1_IRQHandler
                0x100022b0                RTC_WKUP_ALARM_IRQHandler
                0x100022b0                I2C4_ER_IRQHandler
                0x100022b0                DMA2_Stream6_IRQHandler
                0x100022b0                SAI1_IRQHandler
                0x100022b0                DMA1_Stream3_IRQHandler
                0x100022b0                RESERVED4_IRQHandler
 .text.memset   0x100022b2       0x10 C:/ST/STM32CubeIDE_1.13.1/STM32CubeIDE/plugins/com.st.stm32cube.ide.mcu.externaltools.gnu-tools-for-stm32.12.3.rel1.win32_1.0.200.202406191623/tools/bin/../lib/gcc/arm-none-eabi/12.3.1/../../../../arm-none-eabi/lib/thumb/v7e-m+fp/hard\libc_nano.a(libc_a-memset.o)
                0x100022b2                memset
 *fill*         0x100022c2        0x2 
 .text.__libc_init_array
                0x100022c4       0x48 C:/ST/STM32CubeIDE_1.13.1/STM32CubeIDE/plugins/com.st.stm32cube.ide.mcu.externaltools.gnu-tools-for-stm32.12.3.rel1.win32_1.0.200.202406191623/tools/bin/../lib/gcc/arm-none-eabi/12.3.1/../../../../arm-none-eabi/lib/thumb/v7e-m+fp/hard\libc_nano.a(libc_a-init.o)
                0x100022c4                __libc_init_array
 *(.glue_7)
 .glue_7        0x1000230c        0x0 linker stubs
 *(.glue_7t)
 .glue_7t       0x1000230c        0x0 linker stubs
 *(.eh_frame)
 .eh_frame      0x1000230c        0x0 C:/ST/STM32CubeIDE_1.13.1/STM32CubeIDE/plugins/com.st.stm32cube.ide.mcu.externaltools.gnu-tools-for-stm32.12.3.rel1.win32_1.0.200.202406191623/tools/bin/../lib/gcc/arm-none-eabi/12.3.1/thumb/v7e-m+fp/hard/crtbegin.o
 *(.init)
 .init          0x1000230c        0x4 C:/ST/STM32CubeIDE_1.13.1/STM32CubeIDE/plugins/com.st.stm32cube.ide.mcu.externaltools.gnu-tools-for-stm32.12.3.rel1.win32_1.0.200.202406191623/tools/bin/../lib/gcc/arm-none-eabi/12.3.1/thumb/v7e-m+fp/hard/crti.o
                0x1000230c                _init
 .init          0x10002310        0x8 C:/ST/STM32CubeIDE_1.13.1/STM32CubeIDE/plugins/com.st.stm32cube.ide.mcu.externaltools.gnu-tools-for-stm32.12.3.rel1.win32_1.0.200.202406191623/tools/bin/../lib/gcc/arm-none-eabi/12.3.1/thumb/v7e-m+fp/hard/crtn.o
 *(.fini)
 .fini          0x10002318        0x4 C:/ST/STM32CubeIDE_1.13.1/STM32CubeIDE/plugins/com.st.stm32cube.ide.mcu.externaltools.gnu-tools-for-stm32.12.3.rel1.win32_1.0.200.202406191623/tools/bin/../lib/gcc/arm-none-eabi/12.3.1/thumb/v7e-m+fp/hard/crti.o
                0x10002318                _fini
 .fini          0x1000231c        0x8 C:/ST/STM32CubeIDE_1.13.1/STM32CubeIDE/plugins/com.st.stm32cube.ide.mcu.externaltools.gnu-tools-for-stm32.12.3.rel1.win32_1.0.200.202406191623/tools/bin/../lib/gcc/arm-none-eabi/12.3.1/thumb/v7e-m+fp/hard/crtn.o
                0x10002324                        . = ALIGN (0x4)
                0x10002324                        _etext = .

.vfp11_veneer   0x10002324        0x0
 .vfp11_veneer  0x10002324        0x0 linker stubs

.v4_bx          0x10002324        0x0
 .v4_bx         0x10002324        0x0 linker stubs

.iplt           0x10002324        0x0
 .iplt          0x10002324        0x0 C:/ST/STM32CubeIDE_1.13.1/STM32CubeIDE/plugins/com.st.stm32cube.ide.mcu.externaltools.gnu-tools-for-stm32.12.3.rel1.win32_1.0.200.202406191623/tools/bin/../lib/gcc/arm-none-eabi/12.3.1/thumb/v7e-m+fp/hard/crtbegin.o

.startup_copro_fw.Reset_Handler
                0x10002324       0x50
 .startup_copro_fw.Reset_Handler
                0x10002324       0x50 ./Startup/startup_stm32mp157facx.o
                0x10002324                Reset_Handler

.rodata         0x10002374        0x0
                0x10002374                        . = ALIGN (0x4)
 *(.rodata)
 *(.rodata*)
                0x10002374                        . = ALIGN (0x4)

.ARM.extab      0x10002374        0x0
                0x10002374                        . = ALIGN (0x4)
 *(.ARM.extab* .gnu.linkonce.armextab.*)
                0x10002374                        . = ALIGN (0x4)

.ARM            0x10002374        0x0
                0x10002374                        . = ALIGN (0x4)
                0x10002374                        __exidx_start = .
 *(.ARM.exidx*)
                0x10002374                        __exidx_end = .
                0x10002374                        . = ALIGN (0x4)

.preinit_array  0x10002374        0x0
                0x10002374                        . = ALIGN (0x4)
                0x10002374                        PROVIDE (__preinit_array_start = .)
 *(.preinit_array*)
                0x10002374                        PROVIDE (__preinit_array_end = .)
                0x10002374                        . = ALIGN (0x4)

.init_array     0x10002374        0x4
                0x10002374                        . = ALIGN (0x4)
                0x10002374                        PROVIDE (__init_array_start = .)
 *(SORT_BY_NAME(.init_array.*))
 *(.init_array*)
 .init_array    0x10002374        0x4 C:/ST/STM32CubeIDE_1.13.1/STM32CubeIDE/plugins/com.st.stm32cube.ide.mcu.externaltools.gnu-tools-for-stm32.12.3.rel1.win32_1.0.200.202406191623/tools/bin/../lib/gcc/arm-none-eabi/12.3.1/thumb/v7e-m+fp/hard/crtbegin.o
                0x10002378                        PROVIDE (__init_array_end = .)
                0x10002378                        . = ALIGN (0x4)

.fini_array     0x10002378        0x4
                0x10002378                        . = ALIGN (0x4)
                [!provide]                        PROVIDE (__fini_array_start = .)
 *(SORT_BY_NAME(.fini_array.*))
 *(.fini_array*)
 .fini_array    0x10002378        0x4 C:/ST/STM32CubeIDE_1.13.1/STM32CubeIDE/plugins/com.st.stm32cube.ide.mcu.externaltools.gnu-tools-for-stm32.12.3.rel1.win32_1.0.200.202406191623/tools/bin/../lib/gcc/arm-none-eabi/12.3.1/thumb/v7e-m+fp/hard/crtbegin.o
                [!provide]                        PROVIDE (__fini_array_end = .)
                0x1000237c                        . = ALIGN (0x4)
                0x1000237c                        __DATA_ROM = .
                0x1000237c                        _sidata = LOADADDR (.data)

.rel.dyn        0x1000237c        0x0
 .rel.iplt      0x1000237c        0x0 C:/ST/STM32CubeIDE_1.13.1/STM32CubeIDE/plugins/com.st.stm32cube.ide.mcu.externaltools.gnu-tools-for-stm32.12.3.rel1.win32_1.0.200.202406191623/tools/bin/../lib/gcc/arm-none-eabi/12.3.1/thumb/v7e-m+fp/hard/crtbegin.o

.data           0x10020000        0xc load address 0x1000237c
                0x10020000                        . = ALIGN (0x4)
                0x10020000                        _sdata = .
 *(.data)
 *(.data*)
 .data.SystemCoreClock
                0x10020000        0x4 ./Common/System/system_stm32mp1xx.o
                0x10020000                SystemCoreClock
 .data.uwTickPrio
                0x10020004        0x4 ./Drivers/STM32MP1xx_HAL_Driver/stm32mp1xx_hal.o
                0x10020004                uwTickPrio
 .data.uwTickFreq
                0x10020008        0x1 ./Drivers/STM32MP1xx_HAL_Driver/stm32mp1xx_hal.o
                0x10020008                uwTickFreq
                0x1002000c                        . = ALIGN (0x4)
 *fill*         0x10020009        0x3 
                0x1002000c                        _edata = .
                0x10002388                        __DATA_END = (__DATA_ROM + (_edata - _sdata))
                0x10020000                        text_end = (ORIGIN (SRAM1_text) + LENGTH (SRAM1_text))
                0x00000001                        ASSERT ((__DATA_END <= text_end), region SRAM1_text overflowed with text and data)

.igot.plt       0x1002000c        0x0 load address 0x10002388
 .igot.plt      0x1002000c        0x0 C:/ST/STM32CubeIDE_1.13.1/STM32CubeIDE/plugins/com.st.stm32cube.ide.mcu.externaltools.gnu-tools-for-stm32.12.3.rel1.win32_1.0.200.202406191623/tools/bin/../lib/gcc/arm-none-eabi/12.3.1/thumb/v7e-m+fp/hard/crtbegin.o

.resource_table
                0x1002000c        0x0
                0x1002000c                        . = ALIGN (0x4)
 *(.resource_table*)
                0x1002000c                        . = ALIGN (0x4)
                0x1002000c                        . = ALIGN (0x4)

.bss            0x1002000c       0x20 load address 0x10002388
                0x1002000c                        _sbss = .
                0x1002000c                        __bss_start__ = _sbss
 *(.bss)
 .bss           0x1002000c       0x1c C:/ST/STM32CubeIDE_1.13.1/STM32CubeIDE/plugins/com.st.stm32cube.ide.mcu.externaltools.gnu-tools-for-stm32.12.3.rel1.win32_1.0.200.202406191623/tools/bin/../lib/gcc/arm-none-eabi/12.3.1/thumb/v7e-m+fp/hard/crtbegin.o
 *(.bss*)
 .bss.uwTick    0x10020028        0x4 ./Drivers/STM32MP1xx_HAL_Driver/stm32mp1xx_hal.o
                0x10020028                uwTick
 *(COMMON)
                0x1002002c                        . = ALIGN (0x4)
                0x1002002c                        _ebss = .
                0x1002002c                        __bss_end__ = _ebss

._user_heap_stack
                0x1002002c      0x604 load address 0x100023a8
                0x10020030                        . = ALIGN (0x8)
 *fill*         0x1002002c        0x4 
                [!provide]                        PROVIDE (end = .)
                0x10020030                        PROVIDE (_end = .)
                0x10020230                        . = (. + _Min_Heap_Size)
 *fill*         0x10020030      0x200 
                0x10020630                        . = (. + _Min_Stack_Size)
 *fill*         0x10020230      0x400 
                0x10020630                        . = ALIGN (0x8)

/DISCARD/
 libc.a(*)
 libm.a(*)
 libgcc.a(*)

.ARM.attributes
                0x00000000       0x30
 *(.ARM.attributes)
 .ARM.attributes
                0x00000000       0x22 C:/ST/STM32CubeIDE_1.13.1/STM32CubeIDE/plugins/com.st.stm32cube.ide.mcu.externaltools.gnu-tools-for-stm32.12.3.rel1.win32_1.0.200.202406191623/tools/bin/../lib/gcc/arm-none-eabi/12.3.1/thumb/v7e-m+fp/hard/crti.o
 .ARM.attributes
                0x00000022       0x34 C:/ST/STM32CubeIDE_1.13.1/STM32CubeIDE/plugins/com.st.stm32cube.ide.mcu.externaltools.gnu-tools-for-stm32.12.3.rel1.win32_1.0.200.202406191623/tools/bin/../lib/gcc/arm-none-eabi/12.3.1/thumb/v7e-m+fp/hard/crtbegin.o
 .ARM.attributes
                0x00000056       0x34 ./Common/System/system_stm32mp1xx.o
 .ARM.attributes
                0x0000008a       0x34 ./Drivers/STM32MP1xx_HAL_Driver/stm32mp1xx_hal.o
 .ARM.attributes
                0x000000be       0x34 ./Drivers/STM32MP1xx_HAL_Driver/stm32mp1xx_hal_cortex.o
 .ARM.attributes
                0x000000f2       0x34 ./Drivers/STM32MP1xx_HAL_Driver/stm32mp1xx_hal_pwr.o
 .ARM.attributes
                0x00000126       0x34 ./Drivers/STM32MP1xx_HAL_Driver/stm32mp1xx_hal_rcc.o
 .ARM.attributes
                0x0000015a       0x34 ./Drivers/STM32MP1xx_HAL_Driver/stm32mp1xx_hal_rcc_ex.o
 .ARM.attributes
                0x0000018e       0x34 ./Src/gpio.o
 .ARM.attributes
                0x000001c2       0x34 ./Src/main.o
 .ARM.attributes
                0x000001f6       0x34 ./Src/stm32mp1xx_hal_msp.o
 .ARM.attributes
                0x0000022a       0x34 ./Src/stm32mp1xx_it.o
 .ARM.attributes
                0x0000025e       0x21 ./Startup/startup_stm32mp157facx.o
 .ARM.attributes
                0x0000027f       0x34 C:/ST/STM32CubeIDE_1.13.1/STM32CubeIDE/plugins/com.st.stm32cube.ide.mcu.externaltools.gnu-tools-for-stm32.12.3.rel1.win32_1.0.200.202406191623/tools/bin/../lib/gcc/arm-none-eabi/12.3.1/../../../../arm-none-eabi/lib/thumb/v7e-m+fp/hard\libc_nano.a(libc_a-memset.o)
 .ARM.attributes
                0x000002b3       0x34 C:/ST/STM32CubeIDE_1.13.1/STM32CubeIDE/plugins/com.st.stm32cube.ide.mcu.externaltools.gnu-tools-for-stm32.12.3.rel1.win32_1.0.200.202406191623/tools/bin/../lib/gcc/arm-none-eabi/12.3.1/../../../../arm-none-eabi/lib/thumb/v7e-m+fp/hard\libc_nano.a(libc_a-init.o)
 .ARM.attributes
                0x000002e7       0x22 C:/ST/STM32CubeIDE_1.13.1/STM32CubeIDE/plugins/com.st.stm32cube.ide.mcu.externaltools.gnu-tools-for-stm32.12.3.rel1.win32_1.0.200.202406191623/tools/bin/../lib/gcc/arm-none-eabi/12.3.1/thumb/v7e-m+fp/hard/crtn.o
OUTPUT(generated_CM4.elf elf32-littlearm)
LOAD linker stubs
LOAD C:/ST/STM32CubeIDE_1.13.1/STM32CubeIDE/plugins/com.st.stm32cube.ide.mcu.externaltools.gnu-tools-for-stm32.12.3.rel1.win32_1.0.200.202406191623/tools/bin/../lib/gcc/arm-none-eabi/12.3.1/../../../../arm-none-eabi/lib/thumb/v7e-m+fp/hard\libc.a
LOAD C:/ST/STM32CubeIDE_1.13.1/STM32CubeIDE/plugins/com.st.stm32cube.ide.mcu.externaltools.gnu-tools-for-stm32.12.3.rel1.win32_1.0.200.202406191623/tools/bin/../lib/gcc/arm-none-eabi/12.3.1/../../../../arm-none-eabi/lib/thumb/v7e-m+fp/hard\libm.a
LOAD C:/ST/STM32CubeIDE_1.13.1/STM32CubeIDE/plugins/com.st.stm32cube.ide.mcu.externaltools.gnu-tools-for-stm32.12.3.rel1.win32_1.0.200.202406191623/tools/bin/../lib/gcc/arm-none-eabi/12.3.1/thumb/v7e-m+fp/hard\libgcc.a

.debug_info     0x00000000     0xaabc
 .debug_info    0x00000000     0x114b ./Common/System/system_stm32mp1xx.o
 .debug_info    0x0000114b      0xdcc ./Drivers/STM32MP1xx_HAL_Driver/stm32mp1xx_hal.o
 .debug_info    0x00001f17      0xe5e ./Drivers/STM32MP1xx_HAL_Driver/stm32mp1xx_hal_cortex.o
 .debug_info    0x00002d75     0x172c ./Drivers/STM32MP1xx_HAL_Driver/stm32mp1xx_hal_pwr.o
 .debug_info    0x000044a1     0x1b5e ./Drivers/STM32MP1xx_HAL_Driver/stm32mp1xx_hal_rcc.o
 .debug_info    0x00005fff     0x1698 ./Drivers/STM32MP1xx_HAL_Driver/stm32mp1xx_hal_rcc_ex.o
 .debug_info    0x00007697      0xe26 ./Src/gpio.o
 .debug_info    0x000084bd     0x1294 ./Src/main.o
 .debug_info    0x00009751     0x1221 ./Src/stm32mp1xx_hal_msp.o
 .debug_info    0x0000a972      0x11a ./Src/stm32mp1xx_it.o
 .debug_info    0x0000aa8c       0x30 ./Startup/startup_stm32mp157facx.o

.debug_abbrev   0x00000000     0x11be
 .debug_abbrev  0x00000000      0x128 ./Common/System/system_stm32mp1xx.o
 .debug_abbrev  0x00000128      0x29d ./Drivers/STM32MP1xx_HAL_Driver/stm32mp1xx_hal.o
 .debug_abbrev  0x000003c5      0x339 ./Drivers/STM32MP1xx_HAL_Driver/stm32mp1xx_hal_cortex.o
 .debug_abbrev  0x000006fe      0x173 ./Drivers/STM32MP1xx_HAL_Driver/stm32mp1xx_hal_pwr.o
 .debug_abbrev  0x00000871      0x2b6 ./Drivers/STM32MP1xx_HAL_Driver/stm32mp1xx_hal_rcc.o
 .debug_abbrev  0x00000b27      0x264 ./Drivers/STM32MP1xx_HAL_Driver/stm32mp1xx_hal_rcc_ex.o
 .debug_abbrev  0x00000d8b       0xb1 ./Src/gpio.o
 .debug_abbrev  0x00000e3c      0x1f7 ./Src/main.o
 .debug_abbrev  0x00001033       0xf4 ./Src/stm32mp1xx_hal_msp.o
 .debug_abbrev  0x00001127       0x73 ./Src/stm32mp1xx_it.o
 .debug_abbrev  0x0000119a       0x24 ./Startup/startup_stm32mp157facx.o

.debug_aranges  0x00000000      0x5f0
 .debug_aranges
                0x00000000       0x28 ./Common/System/system_stm32mp1xx.o
 .debug_aranges
                0x00000028      0x178 ./Drivers/STM32MP1xx_HAL_Driver/stm32mp1xx_hal.o
 .debug_aranges
                0x000001a0      0x100 ./Drivers/STM32MP1xx_HAL_Driver/stm32mp1xx_hal_cortex.o
 .debug_aranges
                0x000002a0       0xa0 ./Drivers/STM32MP1xx_HAL_Driver/stm32mp1xx_hal_pwr.o
 .debug_aranges
                0x00000340      0x160 ./Drivers/STM32MP1xx_HAL_Driver/stm32mp1xx_hal_rcc.o
 .debug_aranges
                0x000004a0       0x58 ./Drivers/STM32MP1xx_HAL_Driver/stm32mp1xx_hal_rcc_ex.o
 .debug_aranges
                0x000004f8       0x20 ./Src/gpio.o
 .debug_aranges
                0x00000518       0x30 ./Src/main.o
 .debug_aranges
                0x00000548       0x20 ./Src/stm32mp1xx_hal_msp.o
 .debug_aranges
                0x00000568       0x60 ./Src/stm32mp1xx_it.o
 .debug_aranges
                0x000005c8       0x28 ./Startup/startup_stm32mp157facx.o

.debug_rnglists
                0x00000000      0x45b
 .debug_rnglists
                0x00000000       0x1a ./Common/System/system_stm32mp1xx.o
 .debug_rnglists
                0x0000001a      0x115 ./Drivers/STM32MP1xx_HAL_Driver/stm32mp1xx_hal.o
 .debug_rnglists
                0x0000012f       0xbc ./Drivers/STM32MP1xx_HAL_Driver/stm32mp1xx_hal_cortex.o
 .debug_rnglists
                0x000001eb       0x77 ./Drivers/STM32MP1xx_HAL_Driver/stm32mp1xx_hal_pwr.o
 .debug_rnglists
                0x00000262      0x114 ./Drivers/STM32MP1xx_HAL_Driver/stm32mp1xx_hal_rcc.o
 .debug_rnglists
                0x00000376       0x43 ./Drivers/STM32MP1xx_HAL_Driver/stm32mp1xx_hal_rcc_ex.o
 .debug_rnglists
                0x000003b9       0x13 ./Src/gpio.o
 .debug_rnglists
                0x000003cc       0x20 ./Src/main.o
 .debug_rnglists
                0x000003ec       0x13 ./Src/stm32mp1xx_hal_msp.o
 .debug_rnglists
                0x000003ff       0x43 ./Src/stm32mp1xx_it.o
 .debug_rnglists
                0x00000442       0x19 ./Startup/startup_stm32mp157facx.o

.debug_macro    0x00000000    0x44468
 .debug_macro   0x00000000      0x275 ./Common/System/system_stm32mp1xx.o
 .debug_macro   0x00000275      0xaba ./Common/System/system_stm32mp1xx.o
 .debug_macro   0x00000d2f       0x2e ./Common/System/system_stm32mp1xx.o
 .debug_macro   0x00000d5d       0x3a ./Common/System/system_stm32mp1xx.o
 .debug_macro   0x00000d97       0x22 ./Common/System/system_stm32mp1xx.o
 .debug_macro   0x00000db9       0x8e ./Common/System/system_stm32mp1xx.o
 .debug_macro   0x00000e47       0x51 ./Common/System/system_stm32mp1xx.o
 .debug_macro   0x00000e98      0x103 ./Common/System/system_stm32mp1xx.o
 .debug_macro   0x00000f9b       0x6a ./Common/System/system_stm32mp1xx.o
 .debug_macro   0x00001005      0x1df ./Common/System/system_stm32mp1xx.o
 .debug_macro   0x000011e4       0x1c ./Common/System/system_stm32mp1xx.o
 .debug_macro   0x00001200       0x22 ./Common/System/system_stm32mp1xx.o
 .debug_macro   0x00001222       0xfb ./Common/System/system_stm32mp1xx.o
 .debug_macro   0x0000131d     0x1011 ./Common/System/system_stm32mp1xx.o
 .debug_macro   0x0000232e      0x11f ./Common/System/system_stm32mp1xx.o
 .debug_macro   0x0000244d    0x3b91d ./Common/System/system_stm32mp1xx.o
 .debug_macro   0x0003dd6a       0x43 ./Common/System/system_stm32mp1xx.o
 .debug_macro   0x0003ddad       0xda ./Common/System/system_stm32mp1xx.o
 .debug_macro   0x0003de87       0x61 ./Common/System/system_stm32mp1xx.o
 .debug_macro   0x0003dee8       0x2a ./Common/System/system_stm32mp1xx.o
 .debug_macro   0x0003df12       0x43 ./Common/System/system_stm32mp1xx.o
 .debug_macro   0x0003df55       0x34 ./Common/System/system_stm32mp1xx.o
 .debug_macro   0x0003df89       0x16 ./Common/System/system_stm32mp1xx.o
 .debug_macro   0x0003df9f       0x9e ./Common/System/system_stm32mp1xx.o
 .debug_macro   0x0003e03d      0x369 ./Common/System/system_stm32mp1xx.o
 .debug_macro   0x0003e3a6      0x10b ./Common/System/system_stm32mp1xx.o
 .debug_macro   0x0003e4b1       0x10 ./Common/System/system_stm32mp1xx.o
 .debug_macro   0x0003e4c1       0x16 ./Common/System/system_stm32mp1xx.o
 .debug_macro   0x0003e4d7       0x43 ./Common/System/system_stm32mp1xx.o
 .debug_macro   0x0003e51a       0x34 ./Common/System/system_stm32mp1xx.o
 .debug_macro   0x0003e54e       0x10 ./Common/System/system_stm32mp1xx.o
 .debug_macro   0x0003e55e       0x58 ./Common/System/system_stm32mp1xx.o
 .debug_macro   0x0003e5b6       0x8e ./Common/System/system_stm32mp1xx.o
 .debug_macro   0x0003e644       0x1c ./Common/System/system_stm32mp1xx.o
 .debug_macro   0x0003e660      0x177 ./Common/System/system_stm32mp1xx.o
 .debug_macro   0x0003e7d7       0x16 ./Common/System/system_stm32mp1xx.o
 .debug_macro   0x0003e7ed       0x16 ./Common/System/system_stm32mp1xx.o
 .debug_macro   0x0003e803      0x146 ./Common/System/system_stm32mp1xx.o
 .debug_macro   0x0003e949       0x5b ./Common/System/system_stm32mp1xx.o
 .debug_macro   0x0003e9a4     0x1d54 ./Common/System/system_stm32mp1xx.o
 .debug_macro   0x000406f8      0x9b1 ./Common/System/system_stm32mp1xx.o
 .debug_macro   0x000410a9       0x2e ./Common/System/system_stm32mp1xx.o
 .debug_macro   0x000410d7      0x33a ./Common/System/system_stm32mp1xx.o
 .debug_macro   0x00041411      0x13a ./Common/System/system_stm32mp1xx.o
 .debug_macro   0x0004154b      0x2f2 ./Common/System/system_stm32mp1xx.o
 .debug_macro   0x0004183d       0x27 ./Common/System/system_stm32mp1xx.o
 .debug_macro   0x00041864       0x4a ./Common/System/system_stm32mp1xx.o
 .debug_macro   0x000418ae      0x566 ./Common/System/system_stm32mp1xx.o
 .debug_macro   0x00041e14       0xe0 ./Common/System/system_stm32mp1xx.o
 .debug_macro   0x00041ef4       0x66 ./Common/System/system_stm32mp1xx.o
 .debug_macro   0x00041f5a      0x3d7 ./Common/System/system_stm32mp1xx.o
 .debug_macro   0x00042331      0x227 ./Common/System/system_stm32mp1xx.o
 .debug_macro   0x00042558      0x152 ./Common/System/system_stm32mp1xx.o
 .debug_macro   0x000426aa      0x1f9 ./Common/System/system_stm32mp1xx.o
 .debug_macro   0x000428a3       0x19 ./Common/System/system_stm32mp1xx.o
 .debug_macro   0x000428bc      0x521 ./Common/System/system_stm32mp1xx.o
 .debug_macro   0x00042ddd      0x29f ./Drivers/STM32MP1xx_HAL_Driver/stm32mp1xx_hal.o
 .debug_macro   0x0004307c      0x26f ./Drivers/STM32MP1xx_HAL_Driver/stm32mp1xx_hal_cortex.o
 .debug_macro   0x000432eb      0x287 ./Drivers/STM32MP1xx_HAL_Driver/stm32mp1xx_hal_pwr.o
 .debug_macro   0x00043572      0x27b ./Drivers/STM32MP1xx_HAL_Driver/stm32mp1xx_hal_rcc.o
 .debug_macro   0x000437ed      0x275 ./Drivers/STM32MP1xx_HAL_Driver/stm32mp1xx_hal_rcc_ex.o
 .debug_macro   0x00043a62      0x283 ./Src/gpio.o
 .debug_macro   0x00043ce5      0x287 ./Src/main.o
 .debug_macro   0x00043f6c      0x279 ./Src/stm32mp1xx_hal_msp.o
 .debug_macro   0x000441e5      0x283 ./Src/stm32mp1xx_it.o

.debug_line     0x00000000     0x8617
 .debug_line    0x00000000      0x92a ./Common/System/system_stm32mp1xx.o
 .debug_line    0x0000092a      0xd66 ./Drivers/STM32MP1xx_HAL_Driver/stm32mp1xx_hal.o
 .debug_line    0x00001690      0xd63 ./Drivers/STM32MP1xx_HAL_Driver/stm32mp1xx_hal_cortex.o
 .debug_line    0x000023f3      0xa9c ./Drivers/STM32MP1xx_HAL_Driver/stm32mp1xx_hal_pwr.o
 .debug_line    0x00002e8f     0x1bc5 ./Drivers/STM32MP1xx_HAL_Driver/stm32mp1xx_hal_rcc.o
 .debug_line    0x00004a54     0x19ab ./Drivers/STM32MP1xx_HAL_Driver/stm32mp1xx_hal_rcc_ex.o
 .debug_line    0x000063ff      0x806 ./Src/gpio.o
 .debug_line    0x00006c05      0x8b9 ./Src/main.o
 .debug_line    0x000074be      0x810 ./Src/stm32mp1xx_hal_msp.o
 .debug_line    0x00007cce      0x8ce ./Src/stm32mp1xx_it.o
 .debug_line    0x0000859c       0x7b ./Startup/startup_stm32mp157facx.o

.debug_str      0x00000000   0x1c1063
 .debug_str     0x00000000   0x1be845 ./Common/System/system_stm32mp1xx.o
                             0x1beb8a (size before relaxing)
 .debug_str     0x001be845     0x10d8 ./Drivers/STM32MP1xx_HAL_Driver/stm32mp1xx_hal.o
                             0x1befc3 (size before relaxing)
 .debug_str     0x001bf91d      0x378 ./Drivers/STM32MP1xx_HAL_Driver/stm32mp1xx_hal_cortex.o
                             0x1bebef (size before relaxing)
 .debug_str     0x001bfc95      0x489 ./Drivers/STM32MP1xx_HAL_Driver/stm32mp1xx_hal_pwr.o
                             0x1bef39 (size before relaxing)
 .debug_str     0x001c011e      0x93d ./Drivers/STM32MP1xx_HAL_Driver/stm32mp1xx_hal_rcc.o
                             0x1bf46b (size before relaxing)
 .debug_str     0x001c0a5b      0x47f ./Drivers/STM32MP1xx_HAL_Driver/stm32mp1xx_hal_rcc_ex.o
                             0x1bf2fa (size before relaxing)
 .debug_str     0x001c0eda       0x31 ./Src/gpio.o
                             0x1bea46 (size before relaxing)
 .debug_str     0x001c0f0b       0x42 ./Src/main.o
                             0x1bed65 (size before relaxing)
 .debug_str     0x001c0f4d       0x1c ./Src/stm32mp1xx_hal_msp.o
                             0x1bf291 (size before relaxing)
 .debug_str     0x001c0f69       0xba ./Src/stm32mp1xx_it.o
                             0x1bdee3 (size before relaxing)
 .debug_str     0x001c1023       0x40 ./Startup/startup_stm32mp157facx.o
                                 0x91 (size before relaxing)

.comment        0x00000000       0x43
 .comment       0x00000000       0x43 ./Common/System/system_stm32mp1xx.o
                                 0x44 (size before relaxing)
 .comment       0x00000043       0x44 ./Drivers/STM32MP1xx_HAL_Driver/stm32mp1xx_hal.o
 .comment       0x00000043       0x44 ./Drivers/STM32MP1xx_HAL_Driver/stm32mp1xx_hal_cortex.o
 .comment       0x00000043       0x44 ./Drivers/STM32MP1xx_HAL_Driver/stm32mp1xx_hal_pwr.o
 .comment       0x00000043       0x44 ./Drivers/STM32MP1xx_HAL_Driver/stm32mp1xx_hal_rcc.o
 .comment       0x00000043       0x44 ./Drivers/STM32MP1xx_HAL_Driver/stm32mp1xx_hal_rcc_ex.o
 .comment       0x00000043       0x44 ./Src/gpio.o
 .comment       0x00000043       0x44 ./Src/main.o
 .comment       0x00000043       0x44 ./Src/stm32mp1xx_hal_msp.o
 .comment       0x00000043       0x44 ./Src/stm32mp1xx_it.o

.debug_frame    0x00000000     0x15e4
 .debug_frame   0x00000000       0x58 ./Common/System/system_stm32mp1xx.o
 .debug_frame   0x00000058      0x5e8 ./Drivers/STM32MP1xx_HAL_Driver/stm32mp1xx_hal.o
 .debug_frame   0x00000640      0x428 ./Drivers/STM32MP1xx_HAL_Driver/stm32mp1xx_hal_cortex.o
 .debug_frame   0x00000a68      0x268 ./Drivers/STM32MP1xx_HAL_Driver/stm32mp1xx_hal_pwr.o
 .debug_frame   0x00000cd0      0x5b0 ./Drivers/STM32MP1xx_HAL_Driver/stm32mp1xx_hal_rcc.o
 .debug_frame   0x00001280      0x14c ./Drivers/STM32MP1xx_HAL_Driver/stm32mp1xx_hal_rcc_ex.o
 .debug_frame   0x000013cc       0x30 ./Src/gpio.o
 .debug_frame   0x000013fc       0x6c ./Src/main.o
 .debug_frame   0x00001468       0x2c ./Src/stm32mp1xx_hal_msp.o
 .debug_frame   0x00001494      0x104 ./Src/stm32mp1xx_it.o
 .debug_frame   0x00001598       0x20 C:/ST/STM32CubeIDE_1.13.1/STM32CubeIDE/plugins/com.st.stm32cube.ide.mcu.externaltools.gnu-tools-for-stm32.12.3.rel1.win32_1.0.200.202406191623/tools/bin/../lib/gcc/arm-none-eabi/12.3.1/../../../../arm-none-eabi/lib/thumb/v7e-m+fp/hard\libc_nano.a(libc_a-memset.o)
 .debug_frame   0x000015b8       0x2c C:/ST/STM32CubeIDE_1.13.1/STM32CubeIDE/plugins/com.st.stm32cube.ide.mcu.externaltools.gnu-tools-for-stm32.12.3.rel1.win32_1.0.200.202406191623/tools/bin/../lib/gcc/arm-none-eabi/12.3.1/../../../../arm-none-eabi/lib/thumb/v7e-m+fp/hard\libc_nano.a(libc_a-init.o)

.debug_line_str
                0x00000000       0x75
 .debug_line_str
                0x00000000       0x75 ./Startup/startup_stm32mp157facx.o
